// Jest Snapshot v1, https://goo.gl/fbAQLP

exports[`declareVar example1 1`] = `"const foo = (\\"hello \\")+(\\"world!\\")"`;
